# ---------------------------------------------------------------------------
# Created on Thu Jan 09 23:24:38 -0500 2025 with report_failfast (2023.09.14)
# ---------------------------------------------------------------------------

 +-------------------------------------------------------------------------------------------------------------------+
 | Average Fanout                                                                                                    |
 | Min Module Size: 100000                                                                                           |
 +---------------------------------------------------------------+-----------------+-----------+---------------------+
 | Cell                                                          | Flat Leaf Cells | Flat Pins | Flat Average Fanout |
 +---------------------------------------------------------------+-----------------+-----------+---------------------+
 | <TOP>                                                         | 151084          | 732528    | 2.87                |
 | bd_0_i                                                        | 151084          | 732528    | 2.87                |
 | bd_0_i/hls_inst                                               | 151084          | 732528    | 2.87                |
 | bd_0_i/hls_inst/inst                                          | 151084          | 732528    | 2.87                |
 | bd_0_i/hls_inst/inst/grp_SABR_Pipeline_VITIS_LOOP_17_2_fu_194 | 106426          | 493646    | 3.27                |
 +---------------------------------------------------------------+-----------------+-----------+---------------------+
