

================================================================
== Vitis HLS Report for 'SABR_Pipeline_VITIS_LOOP_17_2'
================================================================
* Date:           Thu Jan  9 21:43:56 2025

* Version:        2024.2 (Build 5238294 on Nov  8 2024)
* Project:        SABR
* Solution:       hls (Vitis Kernel Flow Target)
* Product family: spartan7
* Target device:  xc7s15-cpga196-2


================================================================
== Performance Estimates
================================================================
+ Timing: 
    * Summary: 
    +--------+---------+----------+------------+
    |  Clock |  Target | Estimated| Uncertainty|
    +--------+---------+----------+------------+
    |ap_clk  |  8.00 ns|  9.052 ns|     0.96 ns|
    +--------+---------+----------+------------+

+ Latency: 
    * Summary: 
    +---------+---------+----------+----------+--------+--------+---------+
    |  Latency (cycles) |  Latency (absolute) |     Interval    | Pipeline|
    |   min   |   max   |    min   |    max   |   min  |   max  |   Type  |
    +---------+---------+----------+----------+--------+--------+---------+
    |   494601|   494601|  4.477 ms|  4.477 ms|  494601|  494601|       no|
    +---------+---------+----------+----------+--------+--------+---------+

    + Detail: 
        * Instance: 
        +---------------------------------+----------------------+---------+---------+----------+----------+-----+-----+---------+
        |                                 |                      |  Latency (cycles) |  Latency (absolute) |  Interval | Pipeline|
        |             Instance            |        Module        |   min   |   max   |    min   |    max   | min | max |   Type  |
        +---------------------------------+----------------------+---------+---------+----------+----------+-----+-----+---------+
        |grp_pow_generic_double_s_fu_920  |pow_generic_double_s  |       78|       78|  0.624 us|  0.624 us|    1|    1|      yes|
        +---------------------------------+----------------------+---------+---------+----------+----------+-----+-----+---------+

        * Loop: 
        +-------------------+---------+---------+----------+-----------+-----------+------+----------+
        |                   |  Latency (cycles) | Iteration|  Initiation Interval  | Trip |          |
        |     Loop Name     |   min   |   max   |  Latency |  achieved |   target  | Count| Pipelined|
        +-------------------+---------+---------+----------+-----------+-----------+------+----------+
        |- VITIS_LOOP_17_2  |   494600|   494600|      4946|          -|          -|   100|        no|
        +-------------------+---------+---------+----------+-----------+-----------+------+----------+



================================================================
== Utilization Estimates
================================================================
* Summary: 
+-----------------+---------+-----+-------+-------+-----+
|       Name      | BRAM_18K| DSP |   FF  |  LUT  | URAM|
+-----------------+---------+-----+-------+-------+-----+
|DSP              |        -|    -|      -|      -|    -|
|Expression       |        -|    -|      0|  55343|    -|
|FIFO             |        -|    -|      -|      -|    -|
|Instance         |       30|  139|  17268|  17858|    -|
|Memory           |        -|    -|      -|      -|    -|
|Multiplexer      |        -|    -|      0|   3877|    -|
|Register         |        -|    -|  29766|      -|    -|
+-----------------+---------+-----+-------+-------+-----+
|Total            |       30|  139|  47034|  77078|    0|
+-----------------+---------+-----+-------+-------+-----+
|Available        |       20|   20|  16000|   8000|    0|
+-----------------+---------+-----+-------+-------+-----+
|Utilization (%)  |      150|  695|    293|    963|    0|
+-----------------+---------+-----+-------+-------+-----+

+ Detail: 
    * Instance: 
    +-------------------------------------+---------------------------------+---------+----+-------+-------+-----+
    |               Instance              |              Module             | BRAM_18K| DSP|   FF  |  LUT  | URAM|
    +-------------------------------------+---------------------------------+---------+----+-------+-------+-----+
    |dadd_64ns_64ns_64_6_full_dsp_1_U60   |dadd_64ns_64ns_64_6_full_dsp_1   |        0|   3|    509|    821|    0|
    |dadd_64ns_64ns_64_6_full_dsp_1_U61   |dadd_64ns_64ns_64_6_full_dsp_1   |        0|   3|    509|    821|    0|
    |dexp_64ns_64ns_64_18_full_dsp_1_U66  |dexp_64ns_64ns_64_18_full_dsp_1  |        0|  26|   1549|   2602|    0|
    |dmul_64ns_64ns_64_6_max_dsp_1_U64    |dmul_64ns_64ns_64_6_max_dsp_1    |        0|  11|    317|    197|    0|
    |dmul_64ns_64ns_64_6_max_dsp_1_U65    |dmul_64ns_64ns_64_6_max_dsp_1    |        0|  11|    317|    197|    0|
    |grp_pow_generic_double_s_fu_920      |pow_generic_double_s             |       30|  85|  14067|  13220|    0|
    +-------------------------------------+---------------------------------+---------+----+-------+-------+-----+
    |Total                                |                                 |       30| 139|  17268|  17858|    0|
    +-------------------------------------+---------------------------------+---------+----+-------+-------+-----+

    * DSP: 
    N/A

    * Memory: 
    N/A

    * FIFO: 
    N/A

    * Expression: 
    +-------------------------+----------+----+---+-----+------------+------------+
    |      Variable Name      | Operation| DSP| FF| LUT | Bitwidth P0| Bitwidth P1|
    +-------------------------+----------+----+---+-----+------------+------------+
    |add_ln17_fu_1120_p2      |         +|   0|  0|   14|           7|           1|
    |add_ln21_10_fu_1648_p2   |         +|   0|  0|   71|          64|          64|
    |add_ln21_11_fu_1715_p2   |         +|   0|  0|   24|          17|           7|
    |add_ln21_12_fu_1724_p2   |         +|   0|  0|   71|          64|          64|
    |add_ln21_13_fu_1791_p2   |         +|   0|  0|   24|          17|           7|
    |add_ln21_14_fu_1800_p2   |         +|   0|  0|   71|          64|          64|
    |add_ln21_15_fu_1867_p2   |         +|   0|  0|   24|          17|           8|
    |add_ln21_16_fu_1876_p2   |         +|   0|  0|   71|          64|          64|
    |add_ln21_17_fu_1943_p2   |         +|   0|  0|   24|          17|           8|
    |add_ln21_18_fu_1952_p2   |         +|   0|  0|   71|          64|          64|
    |add_ln21_19_fu_2019_p2   |         +|   0|  0|   24|          17|           8|
    |add_ln21_1_fu_1335_p2    |         +|   0|  0|   24|          17|           5|
    |add_ln21_20_fu_2028_p2   |         +|   0|  0|   71|          64|          64|
    |add_ln21_21_fu_2095_p2   |         +|   0|  0|   24|          17|           8|
    |add_ln21_22_fu_2104_p2   |         +|   0|  0|   71|          64|          64|
    |add_ln21_23_fu_2171_p2   |         +|   0|  0|   24|          17|           8|
    |add_ln21_24_fu_2180_p2   |         +|   0|  0|   71|          64|          64|
    |add_ln21_25_fu_2247_p2   |         +|   0|  0|   24|          17|           8|
    |add_ln21_26_fu_2256_p2   |         +|   0|  0|   71|          64|          64|
    |add_ln21_27_fu_2323_p2   |         +|   0|  0|   24|          17|           8|
    |add_ln21_28_fu_2332_p2   |         +|   0|  0|   71|          64|          64|
    |add_ln21_29_fu_2399_p2   |         +|   0|  0|   24|          17|           8|
    |add_ln21_2_fu_1344_p2    |         +|   0|  0|   71|          64|          64|
    |add_ln21_30_fu_2408_p2   |         +|   0|  0|   71|          64|          64|
    |add_ln21_31_fu_2475_p2   |         +|   0|  0|   24|          17|           9|
    |add_ln21_32_fu_2484_p2   |         +|   0|  0|   71|          64|          64|
    |add_ln21_33_fu_2551_p2   |         +|   0|  0|   24|          17|           9|
    |add_ln21_34_fu_2560_p2   |         +|   0|  0|   71|          64|          64|
    |add_ln21_35_fu_2627_p2   |         +|   0|  0|   24|          17|           9|
    |add_ln21_36_fu_2636_p2   |         +|   0|  0|   71|          64|          64|
    |add_ln21_37_fu_2703_p2   |         +|   0|  0|   24|          17|           9|
    |add_ln21_38_fu_2712_p2   |         +|   0|  0|   71|          64|          64|
    |add_ln21_39_fu_2779_p2   |         +|   0|  0|   24|          17|           9|
    |add_ln21_3_fu_1411_p2    |         +|   0|  0|   24|          17|           6|
    |add_ln21_40_fu_2788_p2   |         +|   0|  0|   71|          64|          64|
    |add_ln21_41_fu_2855_p2   |         +|   0|  0|   24|          17|           9|
    |add_ln21_42_fu_2864_p2   |         +|   0|  0|   71|          64|          64|
    |add_ln21_43_fu_2931_p2   |         +|   0|  0|   24|          17|           9|
    |add_ln21_44_fu_2940_p2   |         +|   0|  0|   71|          64|          64|
    |add_ln21_45_fu_3007_p2   |         +|   0|  0|   24|          17|           9|
    |add_ln21_46_fu_3016_p2   |         +|   0|  0|   71|          64|          64|
    |add_ln21_47_fu_3083_p2   |         +|   0|  0|   24|          17|           9|
    |add_ln21_48_fu_3092_p2   |         +|   0|  0|   71|          64|          64|
    |add_ln21_49_fu_3159_p2   |         +|   0|  0|   24|          17|           9|
    |add_ln21_4_fu_1420_p2    |         +|   0|  0|   71|          64|          64|
    |add_ln21_50_fu_3168_p2   |         +|   0|  0|   71|          64|          64|
    |add_ln21_51_fu_3235_p2   |         +|   0|  0|   24|          17|           9|
    |add_ln21_52_fu_3244_p2   |         +|   0|  0|   71|          64|          64|
    |add_ln21_53_fu_3311_p2   |         +|   0|  0|   24|          17|           9|
    |add_ln21_54_fu_3320_p2   |         +|   0|  0|   71|          64|          64|
    |add_ln21_55_fu_3387_p2   |         +|   0|  0|   24|          17|           9|
    |add_ln21_56_fu_3396_p2   |         +|   0|  0|   71|          64|          64|
    |add_ln21_57_fu_3463_p2   |         +|   0|  0|   24|          17|           9|
    |add_ln21_58_fu_3472_p2   |         +|   0|  0|   71|          64|          64|
    |add_ln21_59_fu_3539_p2   |         +|   0|  0|   24|          17|           9|
    |add_ln21_5_fu_1487_p2    |         +|   0|  0|   24|          17|           6|
    |add_ln21_60_fu_3548_p2   |         +|   0|  0|   71|          64|          64|
    |add_ln21_61_fu_3615_p2   |         +|   0|  0|   24|          17|           9|
    |add_ln21_62_fu_3624_p2   |         +|   0|  0|   71|          64|          64|
    |add_ln21_63_fu_3691_p2   |         +|   0|  0|   24|          17|          10|
    |add_ln21_64_fu_3700_p2   |         +|   0|  0|   71|          64|          64|
    |add_ln21_65_fu_3767_p2   |         +|   0|  0|   24|          17|          10|
    |add_ln21_66_fu_3776_p2   |         +|   0|  0|   71|          64|          64|
    |add_ln21_67_fu_3843_p2   |         +|   0|  0|   24|          17|          10|
    |add_ln21_68_fu_3852_p2   |         +|   0|  0|   71|          64|          64|
    |add_ln21_69_fu_3919_p2   |         +|   0|  0|   24|          17|          10|
    |add_ln21_6_fu_1496_p2    |         +|   0|  0|   71|          64|          64|
    |add_ln21_70_fu_3928_p2   |         +|   0|  0|   71|          64|          64|
    |add_ln21_71_fu_3995_p2   |         +|   0|  0|   24|          17|          10|
    |add_ln21_72_fu_4004_p2   |         +|   0|  0|   71|          64|          64|
    |add_ln21_73_fu_4071_p2   |         +|   0|  0|   24|          17|          10|
    |add_ln21_74_fu_4080_p2   |         +|   0|  0|   71|          64|          64|
    |add_ln21_75_fu_4147_p2   |         +|   0|  0|   24|          17|          10|
    |add_ln21_76_fu_4156_p2   |         +|   0|  0|   71|          64|          64|
    |add_ln21_77_fu_4223_p2   |         +|   0|  0|   24|          17|          10|
    |add_ln21_78_fu_4232_p2   |         +|   0|  0|   71|          64|          64|
    |add_ln21_79_fu_4299_p2   |         +|   0|  0|   24|          17|          10|
    |add_ln21_7_fu_1563_p2    |         +|   0|  0|   24|          17|           7|
    |add_ln21_80_fu_4308_p2   |         +|   0|  0|   71|          64|          64|
    |add_ln21_81_fu_4375_p2   |         +|   0|  0|   24|          17|          10|
    |add_ln21_82_fu_4384_p2   |         +|   0|  0|   71|          64|          64|
    |add_ln21_83_fu_4451_p2   |         +|   0|  0|   24|          17|          10|
    |add_ln21_84_fu_4460_p2   |         +|   0|  0|   71|          64|          64|
    |add_ln21_85_fu_4527_p2   |         +|   0|  0|   24|          17|          10|
    |add_ln21_86_fu_4536_p2   |         +|   0|  0|   71|          64|          64|
    |add_ln21_87_fu_4603_p2   |         +|   0|  0|   24|          17|          10|
    |add_ln21_88_fu_4612_p2   |         +|   0|  0|   71|          64|          64|
    |add_ln21_89_fu_4641_p2   |         +|   0|  0|   24|          17|          10|
    |add_ln21_8_fu_1572_p2    |         +|   0|  0|   71|          64|          64|
    |add_ln21_90_fu_4650_p2   |         +|   0|  0|   71|          64|          64|
    |add_ln21_91_fu_4679_p2   |         +|   0|  0|   24|          17|          10|
    |add_ln21_92_fu_4688_p2   |         +|   0|  0|   71|          64|          64|
    |add_ln21_93_fu_4717_p2   |         +|   0|  0|   24|          17|          10|
    |add_ln21_94_fu_4726_p2   |         +|   0|  0|   71|          64|          64|
    |add_ln21_95_fu_4745_p2   |         +|   0|  0|   24|          17|          10|
    |add_ln21_96_fu_4754_p2   |         +|   0|  0|   71|          64|          64|
    |add_ln21_97_fu_1229_p2   |         +|   0|  0|   24|          17|          10|
    |add_ln21_9_fu_1639_p2    |         +|   0|  0|   24|          17|           7|
    |add_ln21_fu_1239_p2      |         +|   0|  0|   71|          64|          64|
    |empty_317_fu_1143_p2     |         +|   0|  0|   71|          64|          64|
    |empty_fu_1138_p2         |         +|   0|  0|   71|          64|          64|
    |icmp_ln17_fu_1114_p2     |      icmp|   0|  0|   14|           7|           6|
    |lshr_ln21_10_fu_2068_p2  |      lshr|   0|  0|  950|         256|         256|
    |lshr_ln21_11_fu_2144_p2  |      lshr|   0|  0|  950|         256|         256|
    |lshr_ln21_12_fu_2220_p2  |      lshr|   0|  0|  950|         256|         256|
    |lshr_ln21_13_fu_2296_p2  |      lshr|   0|  0|  950|         256|         256|
    |lshr_ln21_14_fu_2372_p2  |      lshr|   0|  0|  950|         256|         256|
    |lshr_ln21_15_fu_2448_p2  |      lshr|   0|  0|  950|         256|         256|
    |lshr_ln21_16_fu_2524_p2  |      lshr|   0|  0|  950|         256|         256|
    |lshr_ln21_17_fu_2600_p2  |      lshr|   0|  0|  950|         256|         256|
    |lshr_ln21_18_fu_2676_p2  |      lshr|   0|  0|  950|         256|         256|
    |lshr_ln21_19_fu_2752_p2  |      lshr|   0|  0|  950|         256|         256|
    |lshr_ln21_1_fu_1384_p2   |      lshr|   0|  0|  950|         256|         256|
    |lshr_ln21_20_fu_2828_p2  |      lshr|   0|  0|  950|         256|         256|
    |lshr_ln21_21_fu_2904_p2  |      lshr|   0|  0|  950|         256|         256|
    |lshr_ln21_22_fu_2980_p2  |      lshr|   0|  0|  950|         256|         256|
    |lshr_ln21_23_fu_3056_p2  |      lshr|   0|  0|  950|         256|         256|
    |lshr_ln21_24_fu_3132_p2  |      lshr|   0|  0|  950|         256|         256|
    |lshr_ln21_25_fu_3208_p2  |      lshr|   0|  0|  950|         256|         256|
    |lshr_ln21_26_fu_3284_p2  |      lshr|   0|  0|  950|         256|         256|
    |lshr_ln21_27_fu_3360_p2  |      lshr|   0|  0|  950|         256|         256|
    |lshr_ln21_28_fu_3436_p2  |      lshr|   0|  0|  950|         256|         256|
    |lshr_ln21_29_fu_3512_p2  |      lshr|   0|  0|  950|         256|         256|
    |lshr_ln21_2_fu_1460_p2   |      lshr|   0|  0|  950|         256|         256|
    |lshr_ln21_30_fu_3588_p2  |      lshr|   0|  0|  950|         256|         256|
    |lshr_ln21_31_fu_3664_p2  |      lshr|   0|  0|  950|         256|         256|
    |lshr_ln21_32_fu_3740_p2  |      lshr|   0|  0|  950|         256|         256|
    |lshr_ln21_33_fu_3816_p2  |      lshr|   0|  0|  950|         256|         256|
    |lshr_ln21_34_fu_3892_p2  |      lshr|   0|  0|  950|         256|         256|
    |lshr_ln21_35_fu_3968_p2  |      lshr|   0|  0|  950|         256|         256|
    |lshr_ln21_36_fu_4044_p2  |      lshr|   0|  0|  950|         256|         256|
    |lshr_ln21_37_fu_4120_p2  |      lshr|   0|  0|  950|         256|         256|
    |lshr_ln21_38_fu_4196_p2  |      lshr|   0|  0|  950|         256|         256|
    |lshr_ln21_39_fu_4272_p2  |      lshr|   0|  0|  950|         256|         256|
    |lshr_ln21_3_fu_1536_p2   |      lshr|   0|  0|  950|         256|         256|
    |lshr_ln21_40_fu_4348_p2  |      lshr|   0|  0|  950|         256|         256|
    |lshr_ln21_41_fu_4424_p2  |      lshr|   0|  0|  950|         256|         256|
    |lshr_ln21_42_fu_4500_p2  |      lshr|   0|  0|  950|         256|         256|
    |lshr_ln21_43_fu_4576_p2  |      lshr|   0|  0|  950|         256|         256|
    |lshr_ln21_44_fu_4804_p2  |      lshr|   0|  0|  950|         256|         256|
    |lshr_ln21_45_fu_4842_p2  |      lshr|   0|  0|  950|         256|         256|
    |lshr_ln21_46_fu_4880_p2  |      lshr|   0|  0|  950|         256|         256|
    |lshr_ln21_47_fu_4918_p2  |      lshr|   0|  0|  950|         256|         256|
    |lshr_ln21_48_fu_4948_p2  |      lshr|   0|  0|  950|         256|         256|
    |lshr_ln21_4_fu_1612_p2   |      lshr|   0|  0|  950|         256|         256|
    |lshr_ln21_5_fu_1688_p2   |      lshr|   0|  0|  950|         256|         256|
    |lshr_ln21_6_fu_1764_p2   |      lshr|   0|  0|  950|         256|         256|
    |lshr_ln21_7_fu_1840_p2   |      lshr|   0|  0|  950|         256|         256|
    |lshr_ln21_8_fu_1916_p2   |      lshr|   0|  0|  950|         256|         256|
    |lshr_ln21_9_fu_1992_p2   |      lshr|   0|  0|  950|         256|         256|
    |lshr_ln21_fu_1308_p2     |      lshr|   0|  0|  950|         256|         256|
    |lshr_ln24_1_fu_1284_p2   |      lshr|   0|  0|  950|         256|         256|
    |lshr_ln24_fu_1202_p2     |      lshr|   0|  0|  950|         256|         256|
    |shl_ln24_2_fu_5013_p2    |       shl|   0|  0|  950|         256|         256|
    |shl_ln24_3_fu_5021_p2    |       shl|   0|  0|   84|           8|          32|
    |shl_ln24_4_fu_4991_p2    |       shl|   0|  0|  950|         256|         256|
    |shl_ln24_fu_5007_p2      |       shl|   0|  0|   84|           8|          32|
    +-------------------------+----------+----+---+-----+------------+------------+
    |Total                    |          |   0|  0|55343|       17695|       17336|
    +-------------------------+----------+----+---+-----+------------+------------+

    * Multiplexer: 
    +----------------------------------------+------+-----------+-----+-----------+
    |                  Name                  |  LUT | Input Size| Bits| Total Bits|
    +----------------------------------------+------+-----------+-----+-----------+
    |ap_NS_fsm                               |  2693|       4948|    1|       4948|
    |gmem_blk_n_AR                           |     9|          2|    1|          2|
    |gmem_blk_n_AW                           |     9|          2|    1|          2|
    |gmem_blk_n_B                            |     9|          2|    1|          2|
    |gmem_blk_n_R                            |     9|          2|    1|          2|
    |gmem_blk_n_W                            |     9|          2|    1|          2|
    |grp_fu_950_p0                           |    36|          7|   64|        448|
    |grp_fu_950_p1                           |    39|          8|   64|        512|
    |grp_fu_954_p0                           |    21|          4|   64|        256|
    |grp_fu_954_p1                           |    15|          3|   64|        192|
    |grp_fu_962_p0                           |   257|         60|   64|       3840|
    |grp_fu_962_p1                           |    39|          8|   64|        512|
    |grp_fu_966_p0                           |    39|          8|   64|        512|
    |grp_fu_966_p1                           |   237|         55|   64|       3520|
    |grp_fu_970_p0                           |    39|          8|   64|        512|
    |grp_fu_970_p1                           |    33|          6|   64|        384|
    |grp_fu_974_p0                           |    21|          4|   64|        256|
    |grp_fu_974_p1                           |    27|          5|   64|        320|
    |grp_fu_978_p1                           |    27|          5|   64|        320|
    |grp_pow_generic_double_s_fu_920_base_r  |    21|          4|   64|        256|
    |m_axi_gmem_0_ARADDR                     |   225|         52|   64|       3328|
    |m_axi_gmem_0_AWADDR                     |    15|          3|   64|        192|
    |m_axi_gmem_0_WDATA                      |    15|          3|  256|        768|
    |m_axi_gmem_0_WSTRB                      |    15|          3|   32|         96|
    |m_fu_226                                |     9|          2|    7|         14|
    |phi_mul_fu_222                          |     9|          2|   17|         34|
    +----------------------------------------+------+-----------+-----+-----------+
    |Total                                   |  3877|       5208| 1342|      21230|
    +----------------------------------------+------+-----------+-----+-----------+

    * Register: 
    +----------------------------+------+----+------+-----------+
    |            Name            |  FF  | LUT| Bits | Const Bits|
    +----------------------------+------+----+------+-----------+
    |add47_47_reg_7297           |    64|   0|    64|          0|
    |ap_CS_fsm                   |  4947|   0|  4947|          0|
    |bitcast_ln24_1_reg_5286     |    64|   0|    64|          0|
    |bitcast_ln24_3_reg_5190     |    64|   0|    64|          0|
    |gmem_addr_10_read_reg_5615  |   256|   0|   256|          0|
    |gmem_addr_11_read_reg_5656  |   256|   0|   256|          0|
    |gmem_addr_12_read_reg_5697  |   256|   0|   256|          0|
    |gmem_addr_13_read_reg_5738  |   256|   0|   256|          0|
    |gmem_addr_14_read_reg_5779  |   256|   0|   256|          0|
    |gmem_addr_15_read_reg_5820  |   256|   0|   256|          0|
    |gmem_addr_16_read_reg_5861  |   256|   0|   256|          0|
    |gmem_addr_17_read_reg_5902  |   256|   0|   256|          0|
    |gmem_addr_18_read_reg_5943  |   256|   0|   256|          0|
    |gmem_addr_19_read_reg_5984  |   256|   0|   256|          0|
    |gmem_addr_1_read_reg_5271   |   256|   0|   256|          0|
    |gmem_addr_1_reg_5248        |    64|   0|    64|          0|
    |gmem_addr_20_read_reg_6025  |   256|   0|   256|          0|
    |gmem_addr_21_read_reg_6066  |   256|   0|   256|          0|
    |gmem_addr_22_read_reg_6107  |   256|   0|   256|          0|
    |gmem_addr_23_read_reg_6148  |   256|   0|   256|          0|
    |gmem_addr_24_read_reg_6189  |   256|   0|   256|          0|
    |gmem_addr_25_read_reg_6230  |   256|   0|   256|          0|
    |gmem_addr_26_read_reg_6271  |   256|   0|   256|          0|
    |gmem_addr_27_read_reg_6312  |   256|   0|   256|          0|
    |gmem_addr_28_read_reg_6353  |   256|   0|   256|          0|
    |gmem_addr_29_read_reg_6394  |   256|   0|   256|          0|
    |gmem_addr_2_read_reg_5276   |   256|   0|   256|          0|
    |gmem_addr_30_read_reg_6435  |   256|   0|   256|          0|
    |gmem_addr_31_read_reg_6476  |   256|   0|   256|          0|
    |gmem_addr_32_read_reg_6517  |   256|   0|   256|          0|
    |gmem_addr_33_read_reg_6558  |   256|   0|   256|          0|
    |gmem_addr_34_read_reg_6599  |   256|   0|   256|          0|
    |gmem_addr_35_read_reg_6640  |   256|   0|   256|          0|
    |gmem_addr_36_read_reg_6681  |   256|   0|   256|          0|
    |gmem_addr_37_read_reg_6722  |   256|   0|   256|          0|
    |gmem_addr_38_read_reg_6763  |   256|   0|   256|          0|
    |gmem_addr_39_read_reg_6804  |   256|   0|   256|          0|
    |gmem_addr_3_read_reg_5328   |   256|   0|   256|          0|
    |gmem_addr_40_read_reg_6845  |   256|   0|   256|          0|
    |gmem_addr_41_read_reg_6886  |   256|   0|   256|          0|
    |gmem_addr_42_read_reg_6927  |   256|   0|   256|          0|
    |gmem_addr_43_read_reg_6968  |   256|   0|   256|          0|
    |gmem_addr_44_read_reg_7009  |   256|   0|   256|          0|
    |gmem_addr_45_read_reg_7050  |   256|   0|   256|          0|
    |gmem_addr_46_read_reg_7155  |   256|   0|   256|          0|
    |gmem_addr_47_read_reg_7180  |   256|   0|   256|          0|
    |gmem_addr_48_read_reg_7195  |   256|   0|   256|          0|
    |gmem_addr_49_read_reg_7220  |   256|   0|   256|          0|
    |gmem_addr_4_read_reg_5369   |   256|   0|   256|          0|
    |gmem_addr_50_read_reg_7245  |   256|   0|   256|          0|
    |gmem_addr_5_read_reg_5410   |   256|   0|   256|          0|
    |gmem_addr_6_read_reg_5451   |   256|   0|   256|          0|
    |gmem_addr_7_read_reg_5492   |   256|   0|   256|          0|
    |gmem_addr_8_read_reg_5533   |   256|   0|   256|          0|
    |gmem_addr_9_read_reg_5574   |   256|   0|   256|          0|
    |gmem_addr_read_reg_5180     |   256|   0|   256|          0|
    |gmem_addr_reg_5173          |    64|   0|    64|          0|
    |m_fu_226                    |     7|   0|     7|          0|
    |phi_mul_fu_222              |    17|   0|    17|          0|
    |phi_mul_load_reg_5196       |    17|   0|    17|          0|
    |reg_1008                    |    64|   0|    64|          0|
    |reg_1016                    |    64|   0|    64|          0|
    |reg_1022                    |    64|   0|    64|          0|
    |reg_1029                    |    64|   0|    64|          0|
    |reg_1036                    |    64|   0|    64|          0|
    |reg_1043                    |    64|   0|    64|          0|
    |reg_1053                    |    64|   0|    64|          0|
    |reg_1059                    |    64|   0|    64|          0|
    |reg_1065                    |    64|   0|    64|          0|
    |reg_1071                    |    64|   0|    64|          0|
    |reg_1077                    |    64|   0|    64|          0|
    |reg_1083                    |    64|   0|    64|          0|
    |reg_1089                    |    64|   0|    64|          0|
    |reg_1095                    |    64|   0|    64|          0|
    |reg_983                     |    64|   0|    64|          0|
    |reg_989                     |    64|   0|    64|          0|
    |reg_999                     |    64|   0|    64|          0|
    |shl_ln24_2_reg_7312         |   256|   0|   256|          0|
    |shl_ln24_3_reg_7317         |    32|   0|    32|          0|
    |shl_ln24_4_reg_7302         |   256|   0|   256|          0|
    |shl_ln24_reg_7307           |    32|   0|    32|          0|
    |trunc_ln21_100_reg_5973     |     5|   0|     5|          0|
    |trunc_ln21_101_reg_6650     |    64|   0|    64|          0|
    |trunc_ln21_102_reg_6665     |    59|   0|    59|          0|
    |trunc_ln21_103_reg_5989     |    64|   0|    64|          0|
    |trunc_ln21_104_reg_6691     |    64|   0|    64|          0|
    |trunc_ln21_105_reg_6706     |    59|   0|    59|          0|
    |trunc_ln21_106_reg_6014     |     5|   0|     5|          0|
    |trunc_ln21_107_reg_6732     |    64|   0|    64|          0|
    |trunc_ln21_108_reg_6747     |    59|   0|    59|          0|
    |trunc_ln21_109_reg_6030     |    64|   0|    64|          0|
    |trunc_ln21_10_reg_5358      |     5|   0|     5|          0|
    |trunc_ln21_110_reg_6773     |    64|   0|    64|          0|
    |trunc_ln21_111_reg_6788     |    59|   0|    59|          0|
    |trunc_ln21_112_reg_6055     |     5|   0|     5|          0|
    |trunc_ln21_113_reg_6814     |    64|   0|    64|          0|
    |trunc_ln21_114_reg_6829     |    59|   0|    59|          0|
    |trunc_ln21_115_reg_6071     |    64|   0|    64|          0|
    |trunc_ln21_116_reg_6855     |    64|   0|    64|          0|
    |trunc_ln21_117_reg_6870     |    59|   0|    59|          0|
    |trunc_ln21_118_reg_6096     |     5|   0|     5|          0|
    |trunc_ln21_119_reg_6896     |    64|   0|    64|          0|
    |trunc_ln21_11_reg_5420      |    64|   0|    64|          0|
    |trunc_ln21_120_reg_6911     |    59|   0|    59|          0|
    |trunc_ln21_121_reg_6112     |    64|   0|    64|          0|
    |trunc_ln21_122_reg_6937     |    64|   0|    64|          0|
    |trunc_ln21_123_reg_6952     |    59|   0|    59|          0|
    |trunc_ln21_124_reg_6137     |     5|   0|     5|          0|
    |trunc_ln21_125_reg_6978     |    64|   0|    64|          0|
    |trunc_ln21_126_reg_6993     |    59|   0|    59|          0|
    |trunc_ln21_127_reg_6153     |    64|   0|    64|          0|
    |trunc_ln21_128_reg_7019     |    64|   0|    64|          0|
    |trunc_ln21_129_reg_7034     |    59|   0|    59|          0|
    |trunc_ln21_12_reg_5435      |    59|   0|    59|          0|
    |trunc_ln21_130_reg_6178     |     5|   0|     5|          0|
    |trunc_ln21_131_reg_7060     |    64|   0|    64|          0|
    |trunc_ln21_132_reg_7075     |    59|   0|    59|          0|
    |trunc_ln21_133_reg_6194     |    64|   0|    64|          0|
    |trunc_ln21_134_reg_7165     |    64|   0|    64|          0|
    |trunc_ln21_135_reg_7091     |    59|   0|    59|          0|
    |trunc_ln21_136_reg_6219     |     5|   0|     5|          0|
    |trunc_ln21_137_reg_7190     |    64|   0|    64|          0|
    |trunc_ln21_138_reg_7107     |    59|   0|    59|          0|
    |trunc_ln21_139_reg_6235     |    64|   0|    64|          0|
    |trunc_ln21_13_reg_5374      |    64|   0|    64|          0|
    |trunc_ln21_140_reg_7215     |    64|   0|    64|          0|
    |trunc_ln21_141_reg_7123     |    59|   0|    59|          0|
    |trunc_ln21_142_reg_6260     |     5|   0|     5|          0|
    |trunc_ln21_143_reg_7240     |    64|   0|    64|          0|
    |trunc_ln21_144_reg_7133     |    59|   0|    59|          0|
    |trunc_ln21_145_reg_6276     |    64|   0|    64|          0|
    |trunc_ln21_146_reg_7255     |    64|   0|    64|          0|
    |trunc_ln21_147_reg_6301     |     5|   0|     5|          0|
    |trunc_ln21_148_reg_6317     |    64|   0|    64|          0|
    |trunc_ln21_149_reg_6342     |     5|   0|     5|          0|
    |trunc_ln21_14_reg_5461      |    64|   0|    64|          0|
    |trunc_ln21_150_reg_6358     |    64|   0|    64|          0|
    |trunc_ln21_151_reg_6383     |     5|   0|     5|          0|
    |trunc_ln21_152_reg_6399     |    64|   0|    64|          0|
    |trunc_ln21_153_reg_6424     |     5|   0|     5|          0|
    |trunc_ln21_154_reg_6440     |    64|   0|    64|          0|
    |trunc_ln21_155_reg_6465     |     5|   0|     5|          0|
    |trunc_ln21_156_reg_6481     |    64|   0|    64|          0|
    |trunc_ln21_157_reg_6506     |     5|   0|     5|          0|
    |trunc_ln21_158_reg_6522     |    64|   0|    64|          0|
    |trunc_ln21_159_reg_6547     |     5|   0|     5|          0|
    |trunc_ln21_15_reg_5476      |    59|   0|    59|          0|
    |trunc_ln21_160_reg_6563     |    64|   0|    64|          0|
    |trunc_ln21_161_reg_6588     |     5|   0|     5|          0|
    |trunc_ln21_162_reg_6604     |    64|   0|    64|          0|
    |trunc_ln21_163_reg_6629     |     5|   0|     5|          0|
    |trunc_ln21_164_reg_6645     |    64|   0|    64|          0|
    |trunc_ln21_165_reg_6670     |     5|   0|     5|          0|
    |trunc_ln21_166_reg_6686     |    64|   0|    64|          0|
    |trunc_ln21_167_reg_6711     |     5|   0|     5|          0|
    |trunc_ln21_168_reg_6727     |    64|   0|    64|          0|
    |trunc_ln21_169_reg_6752     |     5|   0|     5|          0|
    |trunc_ln21_16_reg_5399      |     5|   0|     5|          0|
    |trunc_ln21_170_reg_6768     |    64|   0|    64|          0|
    |trunc_ln21_171_reg_6793     |     5|   0|     5|          0|
    |trunc_ln21_172_reg_6809     |    64|   0|    64|          0|
    |trunc_ln21_173_reg_6834     |     5|   0|     5|          0|
    |trunc_ln21_174_reg_6850     |    64|   0|    64|          0|
    |trunc_ln21_175_reg_6875     |     5|   0|     5|          0|
    |trunc_ln21_176_reg_6891     |    64|   0|    64|          0|
    |trunc_ln21_177_reg_6916     |     5|   0|     5|          0|
    |trunc_ln21_178_reg_6932     |    64|   0|    64|          0|
    |trunc_ln21_179_reg_6957     |     5|   0|     5|          0|
    |trunc_ln21_17_reg_5502      |    64|   0|    64|          0|
    |trunc_ln21_180_reg_6973     |    64|   0|    64|          0|
    |trunc_ln21_181_reg_6998     |     5|   0|     5|          0|
    |trunc_ln21_182_reg_7014     |    64|   0|    64|          0|
    |trunc_ln21_183_reg_7039     |     5|   0|     5|          0|
    |trunc_ln21_184_reg_7055     |    64|   0|    64|          0|
    |trunc_ln21_185_reg_7080     |     5|   0|     5|          0|
    |trunc_ln21_186_reg_7160     |    64|   0|    64|          0|
    |trunc_ln21_187_reg_7096     |     5|   0|     5|          0|
    |trunc_ln21_188_reg_7185     |    64|   0|    64|          0|
    |trunc_ln21_189_reg_7112     |     5|   0|     5|          0|
    |trunc_ln21_18_reg_5517      |    59|   0|    59|          0|
    |trunc_ln21_190_reg_7210     |    64|   0|    64|          0|
    |trunc_ln21_191_reg_7128     |     5|   0|     5|          0|
    |trunc_ln21_192_reg_7235     |    64|   0|    64|          0|
    |trunc_ln21_193_reg_7138     |     5|   0|     5|          0|
    |trunc_ln21_194_reg_7250     |    64|   0|    64|          0|
    |trunc_ln21_19_reg_5415      |    64|   0|    64|          0|
    |trunc_ln21_1_reg_5312       |    59|   0|    59|          0|
    |trunc_ln21_20_reg_5543      |    64|   0|    64|          0|
    |trunc_ln21_21_reg_5558      |    59|   0|    59|          0|
    |trunc_ln21_22_reg_5440      |     5|   0|     5|          0|
    |trunc_ln21_23_reg_5584      |    64|   0|    64|          0|
    |trunc_ln21_24_reg_5599      |    59|   0|    59|          0|
    |trunc_ln21_25_reg_5456      |    64|   0|    64|          0|
    |trunc_ln21_26_reg_5625      |    64|   0|    64|          0|
    |trunc_ln21_27_reg_5640      |    59|   0|    59|          0|
    |trunc_ln21_28_reg_5481      |     5|   0|     5|          0|
    |trunc_ln21_29_reg_5666      |    64|   0|    64|          0|
    |trunc_ln21_2_reg_5292       |    64|   0|    64|          0|
    |trunc_ln21_30_reg_5681      |    59|   0|    59|          0|
    |trunc_ln21_31_reg_5497      |    64|   0|    64|          0|
    |trunc_ln21_32_reg_5707      |    64|   0|    64|          0|
    |trunc_ln21_33_reg_5722      |    59|   0|    59|          0|
    |trunc_ln21_34_reg_5522      |     5|   0|     5|          0|
    |trunc_ln21_35_reg_5748      |    64|   0|    64|          0|
    |trunc_ln21_36_reg_5763      |    59|   0|    59|          0|
    |trunc_ln21_37_reg_5538      |    64|   0|    64|          0|
    |trunc_ln21_38_reg_5789      |    64|   0|    64|          0|
    |trunc_ln21_39_reg_5804      |    59|   0|    59|          0|
    |trunc_ln21_3_reg_5297       |    64|   0|    64|          0|
    |trunc_ln21_40_reg_5563      |     5|   0|     5|          0|
    |trunc_ln21_41_reg_5830      |    64|   0|    64|          0|
    |trunc_ln21_42_reg_5845      |    59|   0|    59|          0|
    |trunc_ln21_43_reg_5579      |    64|   0|    64|          0|
    |trunc_ln21_44_reg_5871      |    64|   0|    64|          0|
    |trunc_ln21_45_reg_5886      |    59|   0|    59|          0|
    |trunc_ln21_46_reg_5604      |     5|   0|     5|          0|
    |trunc_ln21_47_reg_5912      |    64|   0|    64|          0|
    |trunc_ln21_48_reg_5927      |    59|   0|    59|          0|
    |trunc_ln21_49_reg_5620      |    64|   0|    64|          0|
    |trunc_ln21_4_reg_5353       |    59|   0|    59|          0|
    |trunc_ln21_50_reg_5953      |    64|   0|    64|          0|
    |trunc_ln21_51_reg_5968      |    59|   0|    59|          0|
    |trunc_ln21_52_reg_5645      |     5|   0|     5|          0|
    |trunc_ln21_53_reg_5994      |    64|   0|    64|          0|
    |trunc_ln21_54_reg_6009      |    59|   0|    59|          0|
    |trunc_ln21_55_reg_5661      |    64|   0|    64|          0|
    |trunc_ln21_56_reg_6035      |    64|   0|    64|          0|
    |trunc_ln21_57_reg_6050      |    59|   0|    59|          0|
    |trunc_ln21_58_reg_5686      |     5|   0|     5|          0|
    |trunc_ln21_59_reg_6076      |    64|   0|    64|          0|
    |trunc_ln21_5_reg_5317       |     5|   0|     5|          0|
    |trunc_ln21_60_reg_6091      |    59|   0|    59|          0|
    |trunc_ln21_61_reg_5702      |    64|   0|    64|          0|
    |trunc_ln21_62_reg_6117      |    64|   0|    64|          0|
    |trunc_ln21_63_reg_6132      |    59|   0|    59|          0|
    |trunc_ln21_64_reg_5727      |     5|   0|     5|          0|
    |trunc_ln21_65_reg_6158      |    64|   0|    64|          0|
    |trunc_ln21_66_reg_6173      |    59|   0|    59|          0|
    |trunc_ln21_67_reg_5743      |    64|   0|    64|          0|
    |trunc_ln21_68_reg_6199      |    64|   0|    64|          0|
    |trunc_ln21_69_reg_6214      |    59|   0|    59|          0|
    |trunc_ln21_6_reg_5333       |    64|   0|    64|          0|
    |trunc_ln21_70_reg_5768      |     5|   0|     5|          0|
    |trunc_ln21_71_reg_6240      |    64|   0|    64|          0|
    |trunc_ln21_72_reg_6255      |    59|   0|    59|          0|
    |trunc_ln21_73_reg_5784      |    64|   0|    64|          0|
    |trunc_ln21_74_reg_6281      |    64|   0|    64|          0|
    |trunc_ln21_75_reg_6296      |    59|   0|    59|          0|
    |trunc_ln21_76_reg_5809      |     5|   0|     5|          0|
    |trunc_ln21_77_reg_6322      |    64|   0|    64|          0|
    |trunc_ln21_78_reg_6337      |    59|   0|    59|          0|
    |trunc_ln21_79_reg_5825      |    64|   0|    64|          0|
    |trunc_ln21_7_reg_5338       |    64|   0|    64|          0|
    |trunc_ln21_80_reg_6363      |    64|   0|    64|          0|
    |trunc_ln21_81_reg_6378      |    59|   0|    59|          0|
    |trunc_ln21_82_reg_5850      |     5|   0|     5|          0|
    |trunc_ln21_83_reg_6404      |    64|   0|    64|          0|
    |trunc_ln21_84_reg_6419      |    59|   0|    59|          0|
    |trunc_ln21_85_reg_5866      |    64|   0|    64|          0|
    |trunc_ln21_86_reg_6445      |    64|   0|    64|          0|
    |trunc_ln21_87_reg_6460      |    59|   0|    59|          0|
    |trunc_ln21_88_reg_5891      |     5|   0|     5|          0|
    |trunc_ln21_89_reg_6486      |    64|   0|    64|          0|
    |trunc_ln21_8_reg_5379       |    64|   0|    64|          0|
    |trunc_ln21_90_reg_6501      |    59|   0|    59|          0|
    |trunc_ln21_91_reg_5907      |    64|   0|    64|          0|
    |trunc_ln21_92_reg_6527      |    64|   0|    64|          0|
    |trunc_ln21_93_reg_6542      |    59|   0|    59|          0|
    |trunc_ln21_94_reg_5932      |     5|   0|     5|          0|
    |trunc_ln21_95_reg_6568      |    64|   0|    64|          0|
    |trunc_ln21_96_reg_6583      |    59|   0|    59|          0|
    |trunc_ln21_97_reg_5948      |    64|   0|    64|          0|
    |trunc_ln21_98_reg_6609      |    64|   0|    64|          0|
    |trunc_ln21_99_reg_6624      |    59|   0|    59|          0|
    |trunc_ln21_9_reg_5394       |    59|   0|    59|          0|
    |trunc_ln21_reg_5260         |     5|   0|     5|          0|
    |trunc_ln21_s_reg_5255       |    59|   0|    59|          0|
    |trunc_ln24_2_reg_5167       |     5|   0|     5|          0|
    |trunc_ln24_4_reg_5151       |    59|   0|    59|          0|
    |trunc_ln24_5_reg_5162       |    59|   0|    59|          0|
    |trunc_ln24_reg_5156         |     5|   0|     5|          0|
    |z1_46_reg_7280              |    64|   0|    64|          0|
    |z1_47_reg_7286              |    64|   0|    64|          0|
    |z2_47_reg_7292              |    64|   0|    64|          0|
    |zext_ln24_1_reg_5281        |     5|   0|   256|        251|
    |zext_ln24_reg_5185          |     5|   0|   256|        251|
    +----------------------------+------+----+------+-----------+
    |Total                       | 29766|   0| 30268|        502|
    +----------------------------+------+----+------+-----------+



================================================================
== Interface
================================================================
* Summary: 
+-----------------------+-----+-----+------------+-------------------------------+--------------+
|       RTL Ports       | Dir | Bits|  Protocol  |         Source Object         |    C Type    |
+-----------------------+-----+-----+------------+-------------------------------+--------------+
|ap_clk                 |   in|    1|  ap_ctrl_hs|  SABR_Pipeline_VITIS_LOOP_17_2|  return value|
|ap_rst                 |   in|    1|  ap_ctrl_hs|  SABR_Pipeline_VITIS_LOOP_17_2|  return value|
|ap_start               |   in|    1|  ap_ctrl_hs|  SABR_Pipeline_VITIS_LOOP_17_2|  return value|
|ap_done                |  out|    1|  ap_ctrl_hs|  SABR_Pipeline_VITIS_LOOP_17_2|  return value|
|ap_idle                |  out|    1|  ap_ctrl_hs|  SABR_Pipeline_VITIS_LOOP_17_2|  return value|
|ap_ready               |  out|    1|  ap_ctrl_hs|  SABR_Pipeline_VITIS_LOOP_17_2|  return value|
|grp_fu_235_p_din0      |  out|   64|  ap_ctrl_hs|  SABR_Pipeline_VITIS_LOOP_17_2|  return value|
|grp_fu_235_p_din1      |  out|   64|  ap_ctrl_hs|  SABR_Pipeline_VITIS_LOOP_17_2|  return value|
|grp_fu_235_p_opcode    |  out|    1|  ap_ctrl_hs|  SABR_Pipeline_VITIS_LOOP_17_2|  return value|
|grp_fu_235_p_dout0     |   in|   64|  ap_ctrl_hs|  SABR_Pipeline_VITIS_LOOP_17_2|  return value|
|grp_fu_235_p_ce        |  out|    1|  ap_ctrl_hs|  SABR_Pipeline_VITIS_LOOP_17_2|  return value|
|grp_fu_241_p_din0      |  out|   64|  ap_ctrl_hs|  SABR_Pipeline_VITIS_LOOP_17_2|  return value|
|grp_fu_241_p_din1      |  out|   64|  ap_ctrl_hs|  SABR_Pipeline_VITIS_LOOP_17_2|  return value|
|grp_fu_241_p_dout0     |   in|   64|  ap_ctrl_hs|  SABR_Pipeline_VITIS_LOOP_17_2|  return value|
|grp_fu_241_p_ce        |  out|    1|  ap_ctrl_hs|  SABR_Pipeline_VITIS_LOOP_17_2|  return value|
|grp_fu_246_p_din0      |  out|   64|  ap_ctrl_hs|  SABR_Pipeline_VITIS_LOOP_17_2|  return value|
|grp_fu_246_p_din1      |  out|   64|  ap_ctrl_hs|  SABR_Pipeline_VITIS_LOOP_17_2|  return value|
|grp_fu_246_p_dout0     |   in|   64|  ap_ctrl_hs|  SABR_Pipeline_VITIS_LOOP_17_2|  return value|
|grp_fu_246_p_ce        |  out|    1|  ap_ctrl_hs|  SABR_Pipeline_VITIS_LOOP_17_2|  return value|
|m_axi_gmem_0_AWVALID   |  out|    1|       m_axi|                           gmem|       pointer|
|m_axi_gmem_0_AWREADY   |   in|    1|       m_axi|                           gmem|       pointer|
|m_axi_gmem_0_AWADDR    |  out|   64|       m_axi|                           gmem|       pointer|
|m_axi_gmem_0_AWID      |  out|    1|       m_axi|                           gmem|       pointer|
|m_axi_gmem_0_AWLEN     |  out|   32|       m_axi|                           gmem|       pointer|
|m_axi_gmem_0_AWSIZE    |  out|    3|       m_axi|                           gmem|       pointer|
|m_axi_gmem_0_AWBURST   |  out|    2|       m_axi|                           gmem|       pointer|
|m_axi_gmem_0_AWLOCK    |  out|    2|       m_axi|                           gmem|       pointer|
|m_axi_gmem_0_AWCACHE   |  out|    4|       m_axi|                           gmem|       pointer|
|m_axi_gmem_0_AWPROT    |  out|    3|       m_axi|                           gmem|       pointer|
|m_axi_gmem_0_AWQOS     |  out|    4|       m_axi|                           gmem|       pointer|
|m_axi_gmem_0_AWREGION  |  out|    4|       m_axi|                           gmem|       pointer|
|m_axi_gmem_0_AWUSER    |  out|    1|       m_axi|                           gmem|       pointer|
|m_axi_gmem_0_WVALID    |  out|    1|       m_axi|                           gmem|       pointer|
|m_axi_gmem_0_WREADY    |   in|    1|       m_axi|                           gmem|       pointer|
|m_axi_gmem_0_WDATA     |  out|  256|       m_axi|                           gmem|       pointer|
|m_axi_gmem_0_WSTRB     |  out|   32|       m_axi|                           gmem|       pointer|
|m_axi_gmem_0_WLAST     |  out|    1|       m_axi|                           gmem|       pointer|
|m_axi_gmem_0_WID       |  out|    1|       m_axi|                           gmem|       pointer|
|m_axi_gmem_0_WUSER     |  out|    1|       m_axi|                           gmem|       pointer|
|m_axi_gmem_0_ARVALID   |  out|    1|       m_axi|                           gmem|       pointer|
|m_axi_gmem_0_ARREADY   |   in|    1|       m_axi|                           gmem|       pointer|
|m_axi_gmem_0_ARADDR    |  out|   64|       m_axi|                           gmem|       pointer|
|m_axi_gmem_0_ARID      |  out|    1|       m_axi|                           gmem|       pointer|
|m_axi_gmem_0_ARLEN     |  out|   32|       m_axi|                           gmem|       pointer|
|m_axi_gmem_0_ARSIZE    |  out|    3|       m_axi|                           gmem|       pointer|
|m_axi_gmem_0_ARBURST   |  out|    2|       m_axi|                           gmem|       pointer|
|m_axi_gmem_0_ARLOCK    |  out|    2|       m_axi|                           gmem|       pointer|
|m_axi_gmem_0_ARCACHE   |  out|    4|       m_axi|                           gmem|       pointer|
|m_axi_gmem_0_ARPROT    |  out|    3|       m_axi|                           gmem|       pointer|
|m_axi_gmem_0_ARQOS     |  out|    4|       m_axi|                           gmem|       pointer|
|m_axi_gmem_0_ARREGION  |  out|    4|       m_axi|                           gmem|       pointer|
|m_axi_gmem_0_ARUSER    |  out|    1|       m_axi|                           gmem|       pointer|
|m_axi_gmem_0_RVALID    |   in|    1|       m_axi|                           gmem|       pointer|
|m_axi_gmem_0_RREADY    |  out|    1|       m_axi|                           gmem|       pointer|
|m_axi_gmem_0_RDATA     |   in|  256|       m_axi|                           gmem|       pointer|
|m_axi_gmem_0_RLAST     |   in|    1|       m_axi|                           gmem|       pointer|
|m_axi_gmem_0_RID       |   in|    1|       m_axi|                           gmem|       pointer|
|m_axi_gmem_0_RFIFONUM  |   in|    9|       m_axi|                           gmem|       pointer|
|m_axi_gmem_0_RUSER     |   in|    1|       m_axi|                           gmem|       pointer|
|m_axi_gmem_0_RRESP     |   in|    2|       m_axi|                           gmem|       pointer|
|m_axi_gmem_0_BVALID    |   in|    1|       m_axi|                           gmem|       pointer|
|m_axi_gmem_0_BREADY    |  out|    1|       m_axi|                           gmem|       pointer|
|m_axi_gmem_0_BRESP     |   in|    2|       m_axi|                           gmem|       pointer|
|m_axi_gmem_0_BID       |   in|    1|       m_axi|                           gmem|       pointer|
|m_axi_gmem_0_BUSER     |   in|    1|       m_axi|                           gmem|       pointer|
|S                      |   in|   64|     ap_none|                              S|        scalar|
|V                      |   in|   64|     ap_none|                              V|        scalar|
|random_increments      |   in|   64|     ap_none|              random_increments|        scalar|
|tmp                    |   in|   64|     ap_none|                            tmp|        scalar|
|rho                    |   in|   64|     ap_none|                            rho|        scalar|
|tmp_s                  |   in|   64|     ap_none|                          tmp_s|        scalar|
|add                    |   in|   64|     ap_none|                            add|        scalar|
|beta                   |   in|   64|     ap_none|                           beta|        scalar|
|alpha                  |   in|   64|     ap_none|                          alpha|        scalar|
|mul4                   |   in|   64|     ap_none|                           mul4|        scalar|
+-----------------------+-----+-----+------------+-------------------------------+--------------+

